  BrightnessFilter.cpp
D:\work\Glim_ImageProcessor\ImageProcessor\BrightnessFilter.cpp(1,1): warning C4828: 파일에 0x109 오프셋에서 시작하는 문자가 포함되어 있습니다. 이 문자는 현재 원본 문자 집합에서 잘못된 문자입니다(코드 페이지 65001).
D:\work\Glim_ImageProcessor\ImageProcessor\BrightnessFilter.cpp(1,1): warning C4828: 파일에 0x10a 오프셋에서 시작하는 문자가 포함되어 있습니다. 이 문자는 현재 원본 문자 집합에서 잘못된 문자입니다(코드 페이지 65001).
D:\work\Glim_ImageProcessor\ImageProcessor\BrightnessFilter.cpp(1,1): warning C4828: 파일에 0x10b 오프셋에서 시작하는 문자가 포함되어 있습니다. 이 문자는 현재 원본 문자 집합에서 잘못된 문자입니다(코드 페이지 65001).
D:\work\Glim_ImageProcessor\ImageProcessor\BrightnessFilter.cpp(1,1): warning C4828: 파일에 0x10c 오프셋에서 시작하는 문자가 포함되어 있습니다. 이 문자는 현재 원본 문자 집합에서 잘못된 문자입니다(코드 페이지 65001).
D:\work\Glim_ImageProcessor\ImageProcessor\BrightnessFilter.cpp(1,1): warning C4828: 파일에 0x10f 오프셋에서 시작하는 문자가 포함되어 있습니다. 이 문자는 현재 원본 문자 집합에서 잘못된 문자입니다(코드 페이지 65001).
D:\work\Glim_ImageProcessor\ImageProcessor\BrightnessFilter.cpp(1,1): warning C4828: 파일에 0x110 오프셋에서 시작하는 문자가 포함되어 있습니다. 이 문자는 현재 원본 문자 집합에서 잘못된 문자입니다(코드 페이지 65001).
D:\work\Glim_ImageProcessor\ImageProcessor\BrightnessFilter.cpp(23,51): warning C4244: '=': 'int'에서 'uint8_t'(으)로 변환하면서 데이터가 손실될 수 있습니다.
  ContrastFilter.cpp
D:\work\Glim_ImageProcessor\ImageProcessor\ContrastFilter.h(19,18): warning C4244: '초기화 중': 'double'에서 'int'(으)로 변환하면서 데이터가 손실될 수 있습니다.
  (소스 파일 'ContrastFilter.cpp'을(를) 컴파일하는 중)
  
D:\work\Glim_ImageProcessor\ImageProcessor\ContrastFilter.cpp(19,31): warning C4244: '=': 'int'에서 'uint8_t'(으)로 변환하면서 데이터가 손실될 수 있습니다.
  ConvolutionFilter.cpp
D:\work\Glim_ImageProcessor\ImageProcessor\ConvolutionFilter.h(1,1): warning C4828: 파일에 0x1a5 오프셋에서 시작하는 문자가 포함되어 있습니다. 이 문자는 현재 원본 문자 집합에서 잘못된 문자입니다(코드 페이지 65001).
  (소스 파일 'ConvolutionFilter.cpp'을(를) 컴파일하는 중)
  
D:\work\Glim_ImageProcessor\ImageProcessor\ConvolutionFilter.h(1,1): warning C4828: 파일에 0x1aa 오프셋에서 시작하는 문자가 포함되어 있습니다. 이 문자는 현재 원본 문자 집합에서 잘못된 문자입니다(코드 페이지 65001).
  (소스 파일 'ConvolutionFilter.cpp'을(를) 컴파일하는 중)
  
D:\work\Glim_ImageProcessor\ImageProcessor\ConvolutionFilter.h(1,1): warning C4828: 파일에 0x1ac 오프셋에서 시작하는 문자가 포함되어 있습니다. 이 문자는 현재 원본 문자 집합에서 잘못된 문자입니다(코드 페이지 65001).
  (소스 파일 'ConvolutionFilter.cpp'을(를) 컴파일하는 중)
  
D:\work\Glim_ImageProcessor\ImageProcessor\ConvolutionFilter.h(1,1): warning C4828: 파일에 0x1b1 오프셋에서 시작하는 문자가 포함되어 있습니다. 이 문자는 현재 원본 문자 집합에서 잘못된 문자입니다(코드 페이지 65001).
  (소스 파일 'ConvolutionFilter.cpp'을(를) 컴파일하는 중)
  
D:\work\Glim_ImageProcessor\ImageProcessor\ConvolutionFilter.h(1,1): warning C4828: 파일에 0x1b2 오프셋에서 시작하는 문자가 포함되어 있습니다. 이 문자는 현재 원본 문자 집합에서 잘못된 문자입니다(코드 페이지 65001).
  (소스 파일 'ConvolutionFilter.cpp'을(를) 컴파일하는 중)
  
D:\work\Glim_ImageProcessor\ImageProcessor\ConvolutionFilter.h(1,1): warning C4828: 파일에 0x1b4 오프셋에서 시작하는 문자가 포함되어 있습니다. 이 문자는 현재 원본 문자 집합에서 잘못된 문자입니다(코드 페이지 65001).
  (소스 파일 'ConvolutionFilter.cpp'을(를) 컴파일하는 중)
  
D:\work\Glim_ImageProcessor\ImageProcessor\ConvolutionFilter.h(1,1): warning C4828: 파일에 0x1b5 오프셋에서 시작하는 문자가 포함되어 있습니다. 이 문자는 현재 원본 문자 집합에서 잘못된 문자입니다(코드 페이지 65001).
  (소스 파일 'ConvolutionFilter.cpp'을(를) 컴파일하는 중)
  
D:\work\Glim_ImageProcessor\ImageProcessor\ConvolutionFilter.h(1,1): warning C4828: 파일에 0x1b7 오프셋에서 시작하는 문자가 포함되어 있습니다. 이 문자는 현재 원본 문자 집합에서 잘못된 문자입니다(코드 페이지 65001).
  (소스 파일 'ConvolutionFilter.cpp'을(를) 컴파일하는 중)
  
D:\work\Glim_ImageProcessor\ImageProcessor\ConvolutionFilter.h(1,1): warning C4828: 파일에 0x1b8 오프셋에서 시작하는 문자가 포함되어 있습니다. 이 문자는 현재 원본 문자 집합에서 잘못된 문자입니다(코드 페이지 65001).
  (소스 파일 'ConvolutionFilter.cpp'을(를) 컴파일하는 중)
  
D:\work\Glim_ImageProcessor\ImageProcessor\ConvolutionFilter.h(1,1): warning C4828: 파일에 0x1b9 오프셋에서 시작하는 문자가 포함되어 있습니다. 이 문자는 현재 원본 문자 집합에서 잘못된 문자입니다(코드 페이지 65001).
  (소스 파일 'ConvolutionFilter.cpp'을(를) 컴파일하는 중)
  
D:\work\Glim_ImageProcessor\ImageProcessor\ConvolutionFilter.h(1,1): warning C4828: 파일에 0x1ba 오프셋에서 시작하는 문자가 포함되어 있습니다. 이 문자는 현재 원본 문자 집합에서 잘못된 문자입니다(코드 페이지 65001).
  (소스 파일 'ConvolutionFilter.cpp'을(를) 컴파일하는 중)
  
D:\work\Glim_ImageProcessor\ImageProcessor\ConvolutionFilter.h(1,1): warning C4828: 파일에 0x1be 오프셋에서 시작하는 문자가 포함되어 있습니다. 이 문자는 현재 원본 문자 집합에서 잘못된 문자입니다(코드 페이지 65001).
  (소스 파일 'ConvolutionFilter.cpp'을(를) 컴파일하는 중)
  
D:\work\Glim_ImageProcessor\ImageProcessor\ConvolutionFilter.h(1,1): warning C4828: 파일에 0x1bf 오프셋에서 시작하는 문자가 포함되어 있습니다. 이 문자는 현재 원본 문자 집합에서 잘못된 문자입니다(코드 페이지 65001).
  (소스 파일 'ConvolutionFilter.cpp'을(를) 컴파일하는 중)
  
D:\work\Glim_ImageProcessor\ImageProcessor\ConvolutionFilter.h(1,1): warning C4828: 파일에 0x1c1 오프셋에서 시작하는 문자가 포함되어 있습니다. 이 문자는 현재 원본 문자 집합에서 잘못된 문자입니다(코드 페이지 65001).
  (소스 파일 'ConvolutionFilter.cpp'을(를) 컴파일하는 중)
  
D:\work\Glim_ImageProcessor\ImageProcessor\ConvolutionFilter.h(1,1): warning C4828: 파일에 0x1c3 오프셋에서 시작하는 문자가 포함되어 있습니다. 이 문자는 현재 원본 문자 집합에서 잘못된 문자입니다(코드 페이지 65001).
  (소스 파일 'ConvolutionFilter.cpp'을(를) 컴파일하는 중)
  
  GrayscaleFilter.cpp
D:\work\Glim_ImageProcessor\ImageProcessor\GrayscaleFilter.cpp(1,1): warning C4828: 파일에 0x102 오프셋에서 시작하는 문자가 포함되어 있습니다. 이 문자는 현재 원본 문자 집합에서 잘못된 문자입니다(코드 페이지 65001).
D:\work\Glim_ImageProcessor\ImageProcessor\GrayscaleFilter.cpp(1,1): warning C4828: 파일에 0x103 오프셋에서 시작하는 문자가 포함되어 있습니다. 이 문자는 현재 원본 문자 집합에서 잘못된 문자입니다(코드 페이지 65001).
D:\work\Glim_ImageProcessor\ImageProcessor\GrayscaleFilter.cpp(1,1): warning C4828: 파일에 0x104 오프셋에서 시작하는 문자가 포함되어 있습니다. 이 문자는 현재 원본 문자 집합에서 잘못된 문자입니다(코드 페이지 65001).
D:\work\Glim_ImageProcessor\ImageProcessor\GrayscaleFilter.cpp(1,1): warning C4828: 파일에 0x105 오프셋에서 시작하는 문자가 포함되어 있습니다. 이 문자는 현재 원본 문자 집합에서 잘못된 문자입니다(코드 페이지 65001).
D:\work\Glim_ImageProcessor\ImageProcessor\GrayscaleFilter.cpp(1,1): warning C4828: 파일에 0x107 오프셋에서 시작하는 문자가 포함되어 있습니다. 이 문자는 현재 원본 문자 집합에서 잘못된 문자입니다(코드 페이지 65001).
D:\work\Glim_ImageProcessor\ImageProcessor\GrayscaleFilter.cpp(1,1): warning C4828: 파일에 0x109 오프셋에서 시작하는 문자가 포함되어 있습니다. 이 문자는 현재 원본 문자 집합에서 잘못된 문자입니다(코드 페이지 65001).
D:\work\Glim_ImageProcessor\ImageProcessor\GrayscaleFilter.cpp(1,1): warning C4828: 파일에 0x10a 오프셋에서 시작하는 문자가 포함되어 있습니다. 이 문자는 현재 원본 문자 집합에서 잘못된 문자입니다(코드 페이지 65001).
D:\work\Glim_ImageProcessor\ImageProcessor\GrayscaleFilter.cpp(1,1): warning C4828: 파일에 0x10b 오프셋에서 시작하는 문자가 포함되어 있습니다. 이 문자는 현재 원본 문자 집합에서 잘못된 문자입니다(코드 페이지 65001).
D:\work\Glim_ImageProcessor\ImageProcessor\GrayscaleFilter.cpp(1,1): warning C4828: 파일에 0x10c 오프셋에서 시작하는 문자가 포함되어 있습니다. 이 문자는 현재 원본 문자 집합에서 잘못된 문자입니다(코드 페이지 65001).
D:\work\Glim_ImageProcessor\ImageProcessor\GrayscaleFilter.cpp(1,1): warning C4828: 파일에 0x10e 오프셋에서 시작하는 문자가 포함되어 있습니다. 이 문자는 현재 원본 문자 집합에서 잘못된 문자입니다(코드 페이지 65001).
D:\work\Glim_ImageProcessor\ImageProcessor\GrayscaleFilter.cpp(1,1): warning C4828: 파일에 0x10f 오프셋에서 시작하는 문자가 포함되어 있습니다. 이 문자는 현재 원본 문자 집합에서 잘못된 문자입니다(코드 페이지 65001).
D:\work\Glim_ImageProcessor\ImageProcessor\GrayscaleFilter.cpp(1,1): warning C4828: 파일에 0x110 오프셋에서 시작하는 문자가 포함되어 있습니다. 이 문자는 현재 원본 문자 집합에서 잘못된 문자입니다(코드 페이지 65001).
D:\work\Glim_ImageProcessor\ImageProcessor\GrayscaleFilter.cpp(1,1): warning C4828: 파일에 0x111 오프셋에서 시작하는 문자가 포함되어 있습니다. 이 문자는 현재 원본 문자 집합에서 잘못된 문자입니다(코드 페이지 65001).
D:\work\Glim_ImageProcessor\ImageProcessor\GrayscaleFilter.cpp(16,27): warning C4244: '=': 'int'에서 'uint8_t'(으)로 변환하면서 데이터가 손실될 수 있습니다.
D:\work\Glim_ImageProcessor\ImageProcessor\GrayscaleFilter.cpp(17,31): warning C4244: '=': 'int'에서 'uint8_t'(으)로 변환하면서 데이터가 손실될 수 있습니다.
D:\work\Glim_ImageProcessor\ImageProcessor\GrayscaleFilter.cpp(18,31): warning C4244: '=': 'int'에서 'uint8_t'(으)로 변환하면서 데이터가 손실될 수 있습니다.
  main.cpp
D:\work\Glim_ImageProcessor\ImageProcessor\ContrastFilter.h(19,18): warning C4244: '초기화 중': 'double'에서 'int'(으)로 변환하면서 데이터가 손실될 수 있습니다.
  (소스 파일 'main.cpp'을(를) 컴파일하는 중)
  
D:\work\Glim_ImageProcessor\ImageProcessor\ConvolutionFilter.h(1,1): warning C4828: 파일에 0x1a5 오프셋에서 시작하는 문자가 포함되어 있습니다. 이 문자는 현재 원본 문자 집합에서 잘못된 문자입니다(코드 페이지 65001).
  (소스 파일 'main.cpp'을(를) 컴파일하는 중)
  
D:\work\Glim_ImageProcessor\ImageProcessor\ConvolutionFilter.h(1,1): warning C4828: 파일에 0x1aa 오프셋에서 시작하는 문자가 포함되어 있습니다. 이 문자는 현재 원본 문자 집합에서 잘못된 문자입니다(코드 페이지 65001).
  (소스 파일 'main.cpp'을(를) 컴파일하는 중)
  
D:\work\Glim_ImageProcessor\ImageProcessor\ConvolutionFilter.h(1,1): warning C4828: 파일에 0x1ac 오프셋에서 시작하는 문자가 포함되어 있습니다. 이 문자는 현재 원본 문자 집합에서 잘못된 문자입니다(코드 페이지 65001).
  (소스 파일 'main.cpp'을(를) 컴파일하는 중)
  
D:\work\Glim_ImageProcessor\ImageProcessor\ConvolutionFilter.h(1,1): warning C4828: 파일에 0x1b1 오프셋에서 시작하는 문자가 포함되어 있습니다. 이 문자는 현재 원본 문자 집합에서 잘못된 문자입니다(코드 페이지 65001).
  (소스 파일 'main.cpp'을(를) 컴파일하는 중)
  
D:\work\Glim_ImageProcessor\ImageProcessor\ConvolutionFilter.h(1,1): warning C4828: 파일에 0x1b2 오프셋에서 시작하는 문자가 포함되어 있습니다. 이 문자는 현재 원본 문자 집합에서 잘못된 문자입니다(코드 페이지 65001).
  (소스 파일 'main.cpp'을(를) 컴파일하는 중)
  
D:\work\Glim_ImageProcessor\ImageProcessor\ConvolutionFilter.h(1,1): warning C4828: 파일에 0x1b4 오프셋에서 시작하는 문자가 포함되어 있습니다. 이 문자는 현재 원본 문자 집합에서 잘못된 문자입니다(코드 페이지 65001).
  (소스 파일 'main.cpp'을(를) 컴파일하는 중)
  
D:\work\Glim_ImageProcessor\ImageProcessor\ConvolutionFilter.h(1,1): warning C4828: 파일에 0x1b5 오프셋에서 시작하는 문자가 포함되어 있습니다. 이 문자는 현재 원본 문자 집합에서 잘못된 문자입니다(코드 페이지 65001).
  (소스 파일 'main.cpp'을(를) 컴파일하는 중)
  
D:\work\Glim_ImageProcessor\ImageProcessor\ConvolutionFilter.h(1,1): warning C4828: 파일에 0x1b7 오프셋에서 시작하는 문자가 포함되어 있습니다. 이 문자는 현재 원본 문자 집합에서 잘못된 문자입니다(코드 페이지 65001).
  (소스 파일 'main.cpp'을(를) 컴파일하는 중)
  
D:\work\Glim_ImageProcessor\ImageProcessor\ConvolutionFilter.h(1,1): warning C4828: 파일에 0x1b8 오프셋에서 시작하는 문자가 포함되어 있습니다. 이 문자는 현재 원본 문자 집합에서 잘못된 문자입니다(코드 페이지 65001).
  (소스 파일 'main.cpp'을(를) 컴파일하는 중)
  
D:\work\Glim_ImageProcessor\ImageProcessor\ConvolutionFilter.h(1,1): warning C4828: 파일에 0x1b9 오프셋에서 시작하는 문자가 포함되어 있습니다. 이 문자는 현재 원본 문자 집합에서 잘못된 문자입니다(코드 페이지 65001).
  (소스 파일 'main.cpp'을(를) 컴파일하는 중)
  
D:\work\Glim_ImageProcessor\ImageProcessor\ConvolutionFilter.h(1,1): warning C4828: 파일에 0x1ba 오프셋에서 시작하는 문자가 포함되어 있습니다. 이 문자는 현재 원본 문자 집합에서 잘못된 문자입니다(코드 페이지 65001).
  (소스 파일 'main.cpp'을(를) 컴파일하는 중)
  
D:\work\Glim_ImageProcessor\ImageProcessor\ConvolutionFilter.h(1,1): warning C4828: 파일에 0x1be 오프셋에서 시작하는 문자가 포함되어 있습니다. 이 문자는 현재 원본 문자 집합에서 잘못된 문자입니다(코드 페이지 65001).
  (소스 파일 'main.cpp'을(를) 컴파일하는 중)
  
D:\work\Glim_ImageProcessor\ImageProcessor\ConvolutionFilter.h(1,1): warning C4828: 파일에 0x1bf 오프셋에서 시작하는 문자가 포함되어 있습니다. 이 문자는 현재 원본 문자 집합에서 잘못된 문자입니다(코드 페이지 65001).
  (소스 파일 'main.cpp'을(를) 컴파일하는 중)
  
D:\work\Glim_ImageProcessor\ImageProcessor\ConvolutionFilter.h(1,1): warning C4828: 파일에 0x1c1 오프셋에서 시작하는 문자가 포함되어 있습니다. 이 문자는 현재 원본 문자 집합에서 잘못된 문자입니다(코드 페이지 65001).
  (소스 파일 'main.cpp'을(를) 컴파일하는 중)
  
D:\work\Glim_ImageProcessor\ImageProcessor\ConvolutionFilter.h(1,1): warning C4828: 파일에 0x1c3 오프셋에서 시작하는 문자가 포함되어 있습니다. 이 문자는 현재 원본 문자 집합에서 잘못된 문자입니다(코드 페이지 65001).
  (소스 파일 'main.cpp'을(를) 컴파일하는 중)
  
  ImageBuffer.cpp
  BmpParser.cpp
  CommandLineParser.cpp
  ThresholdFilter.cpp
D:\work\Glim_ImageProcessor\ImageProcessor\ThresholdFilter.cpp(1,1): warning C4828: 파일에 0xe0 오프셋에서 시작하는 문자가 포함되어 있습니다. 이 문자는 현재 원본 문자 집합에서 잘못된 문자입니다(코드 페이지 65001).
D:\work\Glim_ImageProcessor\ImageProcessor\ThresholdFilter.cpp(1,1): warning C4828: 파일에 0xe1 오프셋에서 시작하는 문자가 포함되어 있습니다. 이 문자는 현재 원본 문자 집합에서 잘못된 문자입니다(코드 페이지 65001).
D:\work\Glim_ImageProcessor\ImageProcessor\ThresholdFilter.cpp(1,1): warning C4828: 파일에 0xe2 오프셋에서 시작하는 문자가 포함되어 있습니다. 이 문자는 현재 원본 문자 집합에서 잘못된 문자입니다(코드 페이지 65001).
D:\work\Glim_ImageProcessor\ImageProcessor\ThresholdFilter.cpp(1,1): warning C4828: 파일에 0xe3 오프셋에서 시작하는 문자가 포함되어 있습니다. 이 문자는 현재 원본 문자 집합에서 잘못된 문자입니다(코드 페이지 65001).
D:\work\Glim_ImageProcessor\ImageProcessor\ThresholdFilter.cpp(1,1): warning C4828: 파일에 0xe5 오프셋에서 시작하는 문자가 포함되어 있습니다. 이 문자는 현재 원본 문자 집합에서 잘못된 문자입니다(코드 페이지 65001).
D:\work\Glim_ImageProcessor\ImageProcessor\ThresholdFilter.cpp(1,1): warning C4828: 파일에 0xe6 오프셋에서 시작하는 문자가 포함되어 있습니다. 이 문자는 현재 원본 문자 집합에서 잘못된 문자입니다(코드 페이지 65001).
D:\work\Glim_ImageProcessor\ImageProcessor\ThresholdFilter.cpp(1,1): warning C4828: 파일에 0xe8 오프셋에서 시작하는 문자가 포함되어 있습니다. 이 문자는 현재 원본 문자 집합에서 잘못된 문자입니다(코드 페이지 65001).
D:\work\Glim_ImageProcessor\ImageProcessor\ThresholdFilter.cpp(23,21): warning C4244: '=': 'int'에서 'uint8_t'(으)로 변환하면서 데이터가 손실될 수 있습니다.
D:\work\Glim_ImageProcessor\ImageProcessor\ThresholdFilter.cpp(24,25): warning C4244: '=': 'int'에서 'uint8_t'(으)로 변환하면서 데이터가 손실될 수 있습니다.
D:\work\Glim_ImageProcessor\ImageProcessor\ThresholdFilter.cpp(25,25): warning C4244: '=': 'int'에서 'uint8_t'(으)로 변환하면서 데이터가 손실될 수 있습니다.
  코드를 생성하고 있습니다...
  ImageProcessor.vcxproj -> D:\work\Glim_ImageProcessor\x64\Debug\ImageProcessor.exe
